../Components/Src/fatfs_sd.c:25:13:SELECT	8	static
../Components/Src/fatfs_sd.c:32:13:DESELECT	8	static
../Components/Src/fatfs_sd.c:39:13:SPI_TxByte	16	static
../Components/Src/fatfs_sd.c:46:13:SPI_TxBuffer	16	static
../Components/Src/fatfs_sd.c:53:16:SPI_RxByte	24	static
../Components/Src/fatfs_sd.c:65:13:SPI_RxBytePtr	16	static
../Components/Src/fatfs_sd.c:75:16:SD_ReadyWait	16	static
../Components/Src/fatfs_sd.c:91:13:SD_PowerOn	24	static
../Components/Src/fatfs_sd.c:129:13:SD_PowerOff	4	static
../Components/Src/fatfs_sd.c:135:16:SD_CheckPower	4	static
../Components/Src/fatfs_sd.c:141:13:SD_RxDataBlock	24	static
../Components/Src/fatfs_sd.c:170:13:SD_TxDataBlock	24	static
../Components/Src/fatfs_sd.c:212:13:SD_SendCmd	24	static
../Components/Src/fatfs_sd.c:251:9:SD_disk_initialize	32	static
../Components/Src/fatfs_sd.c:351:9:SD_disk_status	16	static
../Components/Src/fatfs_sd.c:358:9:SD_disk_read	24	static
../Components/Src/fatfs_sd.c:400:9:SD_disk_write	24	static
../Components/Src/fatfs_sd.c:455:9:SD_disk_ioctl	56	static
